                                                                _____                                            __   
Context: argo.example.com                                      /  _  \_______  ____   ____   ____ _____   __ ___/  |_ 
Cluster: prod                                                 /  /_\  \_  __ \/ ___\ /  _ \ /    \\__  \ |  |  \   __\
Namespace: payments                                          /    |    \  | \/ /_/  >  <_> )   |  \/ __ \|  |  /|  |  
Project: billing                                             \____|__  /__|  \___  / \____/|___|  (____  /____/ |__|  
ArgoCD: v2.10.3                                                      \/     /_____/             \/     \/          dev