╭────────────────────────────────────────────────────────────────────────────────────────────────╮
│ NAME                                                              S            H               │
│ app-a                                                                 V Synced       V Healthy │
│ app-b                                                              ^ OutOfSync      ! Degraded │
│ app-c                                                                ? Unknown   . Progressing │
│                                                                                                │
│                                                                                                │
│                                                                                                │
│                                                                                                │
│                                                                                                │
╰────────────────────────────────────────────────────────────────────────────────────────────────╯