                                                                                                    
  Argonaut dev                                                                                      
                                                                                                    
 Context: argo.example.com                                                                          
                                                                                                    
 ╭────────────────────────────────────────────────────────────────────────────────────────────────╮ 
 │                                                                                                │ 
 │ GENERAL      : command • / search • ? help                                                     │ 
 │                                                                                                │ 
 │ NAV          j/k up/down •  Space  select •  Enter  drill down •  Esc  clear/up                │ 
 │                                                                                                │ 
 │ VIEWS        :cls|:clusters|:cluster • :ns|:namespaces|:namespace                              │ 
 │              :proj|:projects|:project • :apps                                                  │ 
 │                                                                                                │ 
 │ ACTIONS      :diff [app] • :sync [app] • :rollback [app]                                       │ 
 │              :resources [app] • :up go up level                                                │ 
 │               s  sync modal (apps view)                                                        │ 
 │               R  rollback modal (apps view)                                                    │ 
 │               r  resources (apps view)                                                         │ 
 │               d  open diff (apps view)                                                         │ 
 │                                                                                                │ 
 │ MISC         :all • :licenses                                                                  │ 
 │              :logs • :q                                                                        │ 
 │                                                                                                │ 
 │ Press ?, q or Esc to close                                                                     │ 
 │                                                                                                │ 
 │                                                                                                │ 
 ╰────────────────────────────────────────────────────────────────────────────────────────────────╯ 
 <clusters>                                                                             Ready • 0/0 