<apps>                                                             Ready â€¢ 2/3