[95mâ•­â”€â”€â”€â”€â”€â”€â”€â”€â”€â”€â”€â”€â”€â”€â”€â”€â”€â”€â”€â”€â”€â”€â”€â”€â”€â”€â”€â”€â”€â”€â”€â”€â”€â”€â”€â”€â”€â”€â”€â”€â”€â”€â”€â”€â”€â”€â”€â”€â”€â”€â”€â”€â”€â”€â”€â”€â”€â”€â”€â”€â”€â”€â”€â”€â”€â”€â”€â”€â”€â”€â”€â”€â”€â”€â”€â”€â”€â”€â”€â”€â”€â”€â”€â”€â”€â”€â”€â”€â”€â”€â”€â”€â”€â”€â”€â”€â•®[m
[95mâ”‚[mÂ [38;5;255;48;5;240m[97;105mâ–¾ [m[97;105mApplication[m [90;105m[demo-app][m [92;105m(Healthy)[m[m                                                            Â [95mâ”‚[m
[95mâ”‚[mÂ [97mâ”œâ”€â”€ [m[97mDeployment[m [90m[ns-a/web][m [92m(Healthy)[m                                                           Â [95mâ”‚[m
[95mâ”‚[mÂ [97mâ””â”€â”€ [m[97mService[m [90m[ns-a/web][m [92m(Healthy)[m                                                              Â [95mâ”‚[m
[95mâ”‚[m                                                                                                [95mâ”‚[m
[95mâ”‚[m                                                                                                [95mâ”‚[m
[95mâ”‚[m                                                                                                [95mâ”‚[m
[95mâ”‚[m                                                                                                [95mâ”‚[m
[95mâ”‚[m                                                                                                [95mâ”‚[m
[95mâ”‚[m                                                                                                [95mâ”‚[m
[95mâ”‚[m                                                                                                [95mâ”‚[m
[95mâ”‚[m                                                                                                [95mâ”‚[m
[95mâ•°â”€â”€â”€â”€â”€â”€â”€â”€â”€â”€â”€â”€â”€â”€â”€â”€â”€â”€â”€â”€â”€â”€â”€â”€â”€â”€â”€â”€â”€â”€â”€â”€â”€â”€â”€â”€â”€â”€â”€â”€â”€â”€â”€â”€â”€â”€â”€â”€â”€â”€â”€â”€â”€â”€â”€â”€â”€â”€â”€â”€â”€â”€â”€â”€â”€â”€â”€â”€â”€â”€â”€â”€â”€â”€â”€â”€â”€â”€â”€â”€â”€â”€â”€â”€â”€â”€â”€â”€â”€â”€â”€â”€â”€â”€â”€â”€â•¯[m